Running with gitlab-runner 16.11.2 (1d04b67a)
  on l7lt2apmglr0004-Global-GitLab-Cloud-Docker-apihub-shared FeEX_mAX, system ID: s_842e1c8182d6
Resolving secrets
Preparing the "docker" executor
00:04
Using Docker executor with image fmk.nexus.onefiserv.net/fmk/ext-tools/fmk-dind:FMK-07-01-24 ...
Pulling docker image fmk.nexus.onefiserv.net/fmk/ext-tools/fmk-dind:FMK-07-01-24 ...
Using docker image sha256:4b91739ef5bb8a2e72adddd1184182a8fe879b55b1c8aec5ac74c54e32f4822d for fmk.nexus.onefiserv.net/fmk/ext-tools/fmk-dind:FMK-07-01-24 with digest fmk.nexus.onefiserv.net/fmk/ext-tools/fmk-dind@sha256:52594cb78b4858d825d4adb9e409afb381b87dd73ea467d9ba54ef558a204508 ...
Preparing environment
00:01
Running on runner-feexmax-project-24017-concurrent-0 via l7lt2apmglr0004...
Getting source from Git repository
00:02
Fetching changes with git depth set to 20...
Reinitialized existing Git repository in /builds/fts-apimanagement/fts-apim-microservices/config-service/.git/
Checking out 2d159a47 as detached HEAD (ref is test-genralised-pipeline-to-create-and-push-image)...
Skipping Git submodules setup
Executing "step_script" stage of the job script
00:03
Using docker image sha256:4b91739ef5bb8a2e72adddd1184182a8fe879b55b1c8aec5ac74c54e32f4822d for fmk.nexus.onefiserv.net/fmk/ext-tools/fmk-dind:FMK-07-01-24 with digest fmk.nexus.onefiserv.net/fmk/ext-tools/fmk-dind@sha256:52594cb78b4858d825d4adb9e409afb381b87dd73ea467d9ba54ef558a204508 ...
$ echo "Logging in to Nexus Docker registry..."
Logging in to Nexus Docker registry...
$ echo "$NEXUS_REPO_PASS" | docker login -u $Nexus_REPO_USER -p $Nexus_REPO_PASS fmk.nexus-ci.onefiserv.net
WARNING! Using --password via the CLI is insecure. Use --password-stdin.
WARNING! Your password will be stored unencrypted in /root/.docker/config.json.
Configure a credential helper to remove this warning. See
https://docs.docker.com/engine/reference/commandline/login/#credentials-store
Login Succeeded
$ echo "Detecting project type..." # collapsed multi-line command
Detecting project type...
Java project detected - building via Docker multi-stage build
$ echo "Building Docker image..."
Building Docker image...
$ docker build -t $FULL_IMAGE_NAME .
ERROR: error during connect: Head "http://docker:2375/_ping": dial tcp: lookup docker on 10.225.225.12:53: no such host
Cleaning up project directory and file based variables
00:00
ERROR: Job failed: exit code 1
